2025-07-15 15:52:57,510 - INFO - ingestion 2017PurchasePricesDec.csv in DB
2025-07-15 15:52:57,807 - INFO - ingestion BegInvFINAL12312016.csv in DB
2025-07-15 15:52:59,673 - INFO - ingestion EndInvFINAL12312016.csv in DB
2025-07-15 15:53:01,165 - INFO - ingestion InvoicePurchases12312016.csv in DB
2025-07-15 15:53:05,061 - INFO - ingestion PurchasesFINAL12312016.csv in DB
2025-07-15 15:53:19,528 - INFO - ingestion 2017PurchasePricesDec.csv in DB
2025-07-15 15:53:19,835 - INFO - ingestion BegInvFINAL12312016.csv in DB
2025-07-15 15:53:21,961 - INFO - ingestion EndInvFINAL12312016.csv in DB
2025-07-15 15:53:23,905 - INFO - ingestion InvoicePurchases12312016.csv in DB
2025-07-15 15:53:27,970 - INFO - ingestion PurchasesFINAL12312016.csv in DB
2025-07-15 15:54:00,726 - INFO - ingestion SalesFINAL12312016.csv in DB
2025-07-15 15:54:12,891 - INFO - ...ingestion complete...
2025-07-15 15:54:12,891 - INFO - Total time taken is -0.8896509369214376 minutes
2025-07-15 15:54:40,842 - INFO - ingestion 2017PurchasePricesDec.csv in DB
2025-07-15 15:54:41,141 - INFO - ingestion BegInvFINAL12312016.csv in DB
2025-07-15 15:54:42,964 - INFO - ingestion EndInvFINAL12312016.csv in DB
2025-07-15 15:54:44,918 - INFO - ingestion InvoicePurchases12312016.csv in DB
2025-07-15 15:54:49,009 - INFO - ingestion PurchasesFINAL12312016.csv in DB
2025-07-15 15:55:21,670 - INFO - ingestion SalesFINAL12312016.csv in DB
2025-07-15 15:55:34,620 - INFO - ...ingestion complete...
2025-07-15 15:55:34,620 - INFO - Total time taken is -0.8965442856152852 minutes
2025-07-15 15:55:59,913 - INFO - ingestion 2017PurchasePricesDec.csv in DB
2025-07-15 15:56:00,217 - INFO - ingestion BegInvFINAL12312016.csv in DB
2025-07-15 15:56:02,175 - INFO - ingestion EndInvFINAL12312016.csv in DB
2025-07-15 15:56:04,244 - INFO - ingestion InvoicePurchases12312016.csv in DB
2025-07-15 15:56:08,515 - INFO - ingestion PurchasesFINAL12312016.csv in DB
2025-07-15 15:56:40,655 - INFO - ingestion SalesFINAL12312016.csv in DB
2025-07-15 15:56:52,324 - INFO - ...ingestion complete...
2025-07-15 15:56:52,324 - INFO - Total time taken is -0.8738852659861247 minutes
2025-07-15 15:56:52,384 - INFO - ingestion 2017PurchasePricesDec.csv in DB
2025-07-15 15:56:52,693 - INFO - ingestion BegInvFINAL12312016.csv in DB
2025-07-15 15:56:54,516 - INFO - ingestion EndInvFINAL12312016.csv in DB
2025-07-15 15:56:56,118 - INFO - ingestion InvoicePurchases12312016.csv in DB
