2025-07-15 15:52:57,510 - INFO - ingestion 2017PurchasePricesDec.csv in DB
2025-07-15 15:52:57,807 - INFO - ingestion BegInvFINAL12312016.csv in DB
2025-07-15 15:52:59,673 - INFO - ingestion EndInvFINAL12312016.csv in DB
2025-07-15 15:53:01,165 - INFO - ingestion InvoicePurchases12312016.csv in DB
2025-07-15 15:53:05,061 - INFO - ingestion PurchasesFINAL12312016.csv in DB
2025-07-15 15:53:19,528 - INFO - ingestion 2017PurchasePricesDec.csv in DB
2025-07-15 15:53:19,835 - INFO - ingestion BegInvFINAL12312016.csv in DB
2025-07-15 15:53:21,961 - INFO - ingestion EndInvFINAL12312016.csv in DB
2025-07-15 15:53:23,905 - INFO - ingestion InvoicePurchases12312016.csv in DB
2025-07-15 15:53:27,970 - INFO - ingestion PurchasesFINAL12312016.csv in DB
2025-07-15 15:54:00,726 - INFO - ingestion SalesFINAL12312016.csv in DB
2025-07-15 15:54:12,891 - INFO - ...ingestion complete...
2025-07-15 15:54:12,891 - INFO - Total time taken is -0.8896509369214376 minutes
2025-07-15 15:54:40,842 - INFO - ingestion 2017PurchasePricesDec.csv in DB
2025-07-15 15:54:41,141 - INFO - ingestion BegInvFINAL12312016.csv in DB
2025-07-15 15:54:42,964 - INFO - ingestion EndInvFINAL12312016.csv in DB
2025-07-15 15:54:44,918 - INFO - ingestion InvoicePurchases12312016.csv in DB
2025-07-15 15:54:49,009 - INFO - ingestion PurchasesFINAL12312016.csv in DB
2025-07-15 15:55:21,670 - INFO - ingestion SalesFINAL12312016.csv in DB
2025-07-15 15:55:34,620 - INFO - ...ingestion complete...
2025-07-15 15:55:34,620 - INFO - Total time taken is -0.8965442856152852 minutes
2025-07-15 15:55:59,913 - INFO - ingestion 2017PurchasePricesDec.csv in DB
2025-07-15 15:56:00,217 - INFO - ingestion BegInvFINAL12312016.csv in DB
2025-07-15 15:56:02,175 - INFO - ingestion EndInvFINAL12312016.csv in DB
2025-07-15 15:56:04,244 - INFO - ingestion InvoicePurchases12312016.csv in DB
2025-07-15 15:56:08,515 - INFO - ingestion PurchasesFINAL12312016.csv in DB
2025-07-15 15:56:40,655 - INFO - ingestion SalesFINAL12312016.csv in DB
2025-07-15 15:56:52,324 - INFO - ...ingestion complete...
2025-07-15 15:56:52,324 - INFO - Total time taken is -0.8738852659861247 minutes
2025-07-15 15:56:52,384 - INFO - ingestion 2017PurchasePricesDec.csv in DB
2025-07-15 15:56:52,693 - INFO - ingestion BegInvFINAL12312016.csv in DB
2025-07-15 15:56:54,516 - INFO - ingestion EndInvFINAL12312016.csv in DB
2025-07-15 15:56:56,118 - INFO - ingestion InvoicePurchases12312016.csv in DB
2025-07-15 15:57:00,319 - INFO - ingestion PurchasesFINAL12312016.csv in DB
2025-07-15 15:57:34,647 - INFO - ingestion SalesFINAL12312016.csv in DB
2025-07-15 15:57:47,767 - INFO - ...ingestion complete...
2025-07-15 15:57:47,767 - INFO - Total time taken is -0.9233869314193726 minutes
2025-07-15 15:57:47,815 - INFO - ingestion 2017PurchasePricesDec.csv in DB
2025-07-15 15:57:48,153 - INFO - ingestion BegInvFINAL12312016.csv in DB
2025-07-15 15:57:50,198 - INFO - ingestion EndInvFINAL12312016.csv in DB
2025-07-15 15:57:52,023 - INFO - ingestion InvoicePurchases12312016.csv in DB
2025-07-15 15:57:55,738 - INFO - ingestion PurchasesFINAL12312016.csv in DB
2025-07-15 15:58:27,073 - INFO - ingestion SalesFINAL12312016.csv in DB
2025-07-15 15:58:39,135 - INFO - ...ingestion complete...
2025-07-15 15:58:39,135 - INFO - Total time taken is -0.8556687196095785 minutes
2025-07-15 16:50:20,750 - ERROR - No such comm target registered: jupyter.widget.control
2025-07-15 16:50:20,750 - WARNING - No such comm: dfbc7484-baa0-40bb-88c1-bf24add4a409
2025-07-15 16:50:20,750 - DEBUG - Current comms: []
2025-07-15 17:24:04,175 - ERROR - No such comm target registered: jupyter.widget.control
2025-07-15 17:24:04,175 - WARNING - No such comm: c0caa1c7-c895-45a5-a2b8-2649eaa8b299
2025-07-15 17:24:04,175 - DEBUG - Current comms: []
2025-07-15 17:55:55,309 - ERROR - No such comm target registered: jupyter.widget.control
2025-07-15 17:55:55,309 - WARNING - No such comm: 82c0a041-c895-49d2-b8f5-8deec9c8ae55
2025-07-15 17:55:55,309 - DEBUG - Current comms: []
2025-07-15 18:02:28,467 - ERROR - No such comm target registered: jupyter.widget.control
2025-07-15 18:02:28,467 - WARNING - No such comm: f09a79ab-c6f9-496a-a526-fc640552cdd0
2025-07-15 18:02:28,467 - DEBUG - Current comms: []
2025-07-15 18:12:41,117 - ERROR - No such comm target registered: jupyter.widget.control
2025-07-15 18:12:41,117 - WARNING - No such comm: 0ea9f8b9-5fdd-4332-b8f4-d9b8372f086e
2025-07-15 18:12:41,117 - DEBUG - Current comms: []
2025-07-15 18:13:43,892 - ERROR - No such comm target registered: jupyter.widget.control
2025-07-15 18:13:43,892 - WARNING - No such comm: e6e71210-7219-4f6e-b743-d27f11549632
2025-07-15 18:13:43,892 - DEBUG - Current comms: []
2025-07-15 18:33:30,720 - ERROR - No such comm target registered: jupyter.widget.control
2025-07-15 18:33:30,720 - WARNING - No such comm: 3e5c3843-a22c-4b6c-bc82-f4b2ef48f0aa
2025-07-15 18:33:30,720 - DEBUG - Current comms: []
2025-07-15 19:07:18,654 - ERROR - No such comm target registered: jupyter.widget.control
2025-07-15 19:07:18,670 - WARNING - No such comm: 42e52925-91a9-4ece-8f04-9df40055cb5c
2025-07-15 19:07:18,670 - DEBUG - Current comms: []
2025-07-15 19:17:35,307 - ERROR - No such comm target registered: jupyter.widget.control
2025-07-15 19:17:35,307 - WARNING - No such comm: f375ccad-0f88-4aae-a440-662bbf6fe497
2025-07-15 19:17:35,307 - DEBUG - Current comms: []
2025-07-15 19:49:58,327 - ERROR - No such comm target registered: jupyter.widget.control
2025-07-15 19:49:58,327 - WARNING - No such comm: dfe5f5ea-101a-42e0-823b-b7b19080a27b
2025-07-15 19:49:58,327 - DEBUG - Current comms: []
2025-07-16 10:26:23,784 - ERROR - No such comm target registered: jupyter.widget.control
2025-07-16 10:26:23,797 - WARNING - No such comm: c18d81a4-d477-445f-a4a6-dd36312a02a7
2025-07-16 10:26:23,797 - DEBUG - Current comms: []
2025-07-16 10:26:48,735 - ERROR - No such comm target registered: jupyter.widget.control
2025-07-16 10:26:48,739 - WARNING - No such comm: f094aaff-8f7b-4bf5-8e43-3ac5ff0d48da
2025-07-16 10:26:48,740 - DEBUG - Current comms: []
